../Drivers/CMSIS/Include/core_cm4.h:1939:34:__NVIC_SystemReset	4	static,ignoring_inline_asm
../Core/Src/commands.c:19:6:initializeTerminal	8	static
../Core/Src/commands.c:28:6:initializeCommands	4	static
../Core/Src/commands.c:48:6:receiveSerialCommand	16	static
../Core/Src/commands.c:80:6:handleSerialCommand	8	static
../Core/Src/commands.c:84:6:sendCommandResponse	24	static
../Core/Src/commands.c:124:6:handleStdout	24	static
../Core/Src/commands.c:132:6:getDevInfos	16	static
../Core/Src/commands.c:136:6:toggleLed	24	static
../Core/Src/commands.c:154:6:resetDevice	16	static
