../Drivers/CMSIS/Include/core_cm4.h:1939:34:__NVIC_SystemReset	4	static,ignoring_inline_asm
../Core/Src/commands.c:20:6:initializeTerminal	8	static
../Core/Src/commands.c:29:6:initializeCommands	4	static
../Core/Src/commands.c:49:6:receiveSerialCommand	16	static
../Core/Src/commands.c:81:6:handleSerialCommand	8	static
../Core/Src/commands.c:85:6:sendCommandResponse	24	static
../Core/Src/commands.c:125:6:handleStdout	24	static
../Core/Src/commands.c:133:6:getDevInfos	16	static
../Core/Src/commands.c:137:6:toggleLed	24	static
../Core/Src/commands.c:155:6:resetDevice	16	static
